n_el  name       dist[m]     Energy[MeV/u] (W-Wtmp)/Wtmp,%   x_rms[cm]      y_rms[cm]      Xmax[cm]       Ymax[cm]     phi_rms[deg]   phi_max[deg]   DW/W[rel.u.]   4*exn_rms[cm*mrad]   exn99.0[cm*mrad]    exn_max[cm*mrad]   4*eyn_rms[cm*mrad]   eyn99.0[cm*mrad]    eyn_max[cm*mrad]   4*ezn_rms[keV/u*ns]  ezn99.0[keV/u*ns]    ezn_max[keV/u*ns]     Xc[cm]       X'c[mrad]        Yc[cm]       Y'c[mrad]        btgm          Zc[deg]          a_x        b_x[cm/mrad]       a_y        b_y[cm/mrad]       a_z        b_z[deg/(%ofD_W/W)]  #of_part_lost  #of_part_left 
