  Task begin at  Jun 08,2022,10:17:13     
  I.D. generation random number seed=          100
  Wtmp=    30.5000000000000     
  Phmax, dWWmax=    180.000000000000       0.200000000000000     
  Phmax, dWWmax, pstat_q =    360.000000000000        1.00000000000000     
   10001.0000000000       0.000000000000000E+000  0.000000000000000E+000
  0.000000000000000E+000  0.000000000000000E+000  0.000000000000000E+000
    Task end at  Jun 08,2022,10:17:23     
