 n_el    name     Phi_in(deg)    Phi_out(deg)   W_in(MeV/u)    W_out(MeV/u)
